
     Program DOS v.7.5 starts on  8Sep2026 at 21: 3:24 

     This program is part of the open-source Quantum ESPRESSO suite
     for quantum simulation of materials; please cite
         "P. Giannozzi et al., J. Phys.:Condens. Matter 21 395502 (2009);
         "P. Giannozzi et al., J. Phys.:Condens. Matter 29 465901 (2017);
         "P. Giannozzi et al., J. Chem. Phys. 152 154105 (2020);
          URL http://www.quantum-espresso.org", 
     in publications or presentations arising from this work. More details at
     http://www.quantum-espresso.org/quote

     Parallel version (MPI & OpenMP), running on       1 processor cores
     Number of MPI processes:                 1
     Threads/MPI process:                     1

     MPI processes distributed on     1 nodes
     14309 MiB available memory on the printing compute node when the environment starts


     Reading xml data from directory:

     ./tmp_dos/ag2o.save/
     file Ag.pbe-n-kjpaw_psl.1.0.0.UPF: wavefunction(s)  5S 5P renormalized
     file O.pbe-n-kjpaw_psl.1.0.0.UPF: wavefunction(s)  2S 2P renormalized

     IMPORTANT: XC functional enforced from input :
     Exchange-correlation= PBE
                           (   1   4   3   4   0   0   0)
     Any further DFT definition will be discarded
     Please, verify this is what you really want


     G-vector sticks info
     --------------------
     sticks:   dense  smooth     PW     G-vecs:    dense   smooth      PW
     Sum        2593    1305    377                99705    35273    5575

     Using Slab Decomposition


     Gaussian broadening (read from file): ngauss,degauss=  -1    0.010000


     DOS          :      1.15s CPU      1.36s WALL


   This run was terminated on:  21: 3:25   8Sep2026            

=------------------------------------------------------------------------------=
   JOB DONE.
=------------------------------------------------------------------------------=
